main.c:60:6:display7SEG	16	static
main.c:158:6:update7SEG	16	static
main.c:193:6:updateClockBuffer	4	static
main.c:204:6:setTimer0	16	static
main.c:208:6:timer_run	4	static
main.c:219:6:displayLEDMatrix	16	static
main.c:223:6:updateLEDMatrix	16	static
main.c:316:5:main	8	static
main.c:399:6:SystemClock_Config	72	static
main.c:435:13:MX_TIM2_Init	32	static
main.c:480:13:MX_GPIO_Init	32	static
main.c:529:6:HAL_TIM_PeriodElapsedCallback	16	static
main.c:539:6:Error_Handler	4	static,ignoring_inline_asm
